UART.c:40:6:MCAL_UART_Init	24	static
UART.c:118:6:MCAL_UART_DeInit	16	static
UART.c:155:6:MCAL_UART_SendData	24	static
UART.c:174:6:MCAL_UART_WAIT_TC	16	static
UART.c:180:6:MCAL_UART_ReceiveData	24	static
UART.c:214:6:MCAL_UART_GPIO_Set_Pins	24	static
UART.c:324:6:USART1_IRQHandler	8	static
UART.c:331:6:USART2_IRQHandler	8	static
UART.c:336:6:USART3_IRQHandler	8	static
UART.c:342:9:MCAL_UART_IsDataAvailable	16	static
UART.c:348:9:UART_Recieve_Data	16	static
UART.c:357:6:UART_Transmit_Data	16	static
